2026-08-14 18:40:47,472 - aqt.main - INFO - installer 12720 aqtinstall(aqt) v3.3.0 on Python 3.14.2 [CPython MSC v.1944 64 bit (AMD64)]
2026-08-14 18:40:47,474 - aqt.helper - DEBUG - helper 12720 Attempt to download checksum at https://download.qt.io/online/qtsdkrepository/windows_x86/desktop/qt6_683/qt6_683/Updates.xml.sha256
2026-08-14 18:40:52,177 - aqt.helper - DEBUG - helper 12720 Attempt to download checksum at https://download.qt.io/online/qtsdkrepository/windows_x86/extensions/qtwebengine/683/msvc2022_64/Updates.xml.sha256
2026-08-14 18:40:55,139 - aqt.archives - INFO - archives 12720 Found extension qtwebengine
2026-08-14 18:40:55,141 - aqt.helper - DEBUG - helper 12720 Attempt to download checksum at https://download.qt.io/online/qtsdkrepository/windows_x86/extensions/qtpdf/683/msvc2022_64/Updates.xml.sha256
2026-08-14 18:40:56,729 - aqt.archives - INFO - archives 12720 Found extension qtpdf
2026-08-14 18:40:58,238 - aqt.helper - DEBUG - helper 12400 Attempt to download checksum at https://download.qt.io/online/qtsdkrepository/windows_x86/desktop/qt6_683/qt6_683/qt.qt6.683.win64_msvc2022_64/6.8.3-0-202503201308qtbase-Windows-Windows_11_23H2-MSVC2022-Windows-Windows_11_23H2-X86_64.7z.sha256
2026-08-14 18:40:58,282 - aqt.helper - DEBUG - helper 4660 Attempt to download checksum at https://download.qt.io/online/qtsdkrepository/windows_x86/desktop/qt6_683/qt6_683/qt.qt6.683.win64_msvc2022_64/6.8.3-0-202503201308qtsvg-Windows-Windows_11_23H2-MSVC2022-Windows-Windows_11_23H2-X86_64.7z.sha256
2026-08-14 18:40:58,289 - aqt.helper - DEBUG - helper 2568 Attempt to download checksum at https://download.qt.io/online/qtsdkrepository/windows_x86/desktop/qt6_683/qt6_683/qt.qt6.683.win64_msvc2022_64/6.8.3-0-202503201308qtdeclarative-Windows-Windows_11_23H2-MSVC2022-Windows-Windows_11_23H2-X86_64.7z.sha256
2026-08-14 18:40:58,324 - aqt.helper - DEBUG - helper 10880 Attempt to download checksum at https://download.qt.io/online/qtsdkrepository/windows_x86/desktop/qt6_683/qt6_683/qt.qt6.683.win64_msvc2022_64/6.8.3-0-202503201308qttools-Windows-Windows_11_23H2-MSVC2022-Windows-Windows_11_23H2-X86_64.7z.sha256
2026-08-14 18:41:02,145 - aqt.helper - INFO - helper 12400 Downloading qtbase...
2026-08-14 18:41:02,145 - aqt.helper - INFO - helper 4660 Downloading qtsvg...
2026-08-14 18:41:02,148 - aqt.helper - INFO - helper 2568 Downloading qtdeclarative...
2026-08-14 18:41:02,151 - aqt.helper - INFO - helper 10880 Downloading qttools...
2026-08-14 18:41:02,146 - aqt.installer - DEBUG - installer 4660 Download URL: https://download.qt.io/online/qtsdkrepository/windows_x86/desktop/qt6_683/qt6_683/qt.qt6.683.win64_msvc2022_64/6.8.3-0-202503201308qtsvg-Windows-Windows_11_23H2-MSVC2022-Windows-Windows_11_23H2-X86_64.7z
2026-08-14 18:41:02,145 - aqt.installer - DEBUG - installer 12400 Download URL: https://download.qt.io/online/qtsdkrepository/windows_x86/desktop/qt6_683/qt6_683/qt.qt6.683.win64_msvc2022_64/6.8.3-0-202503201308qtbase-Windows-Windows_11_23H2-MSVC2022-Windows-Windows_11_23H2-X86_64.7z
2026-08-14 18:41:02,148 - aqt.installer - DEBUG - installer 2568 Download URL: https://download.qt.io/online/qtsdkrepository/windows_x86/desktop/qt6_683/qt6_683/qt.qt6.683.win64_msvc2022_64/6.8.3-0-202503201308qtdeclarative-Windows-Windows_11_23H2-MSVC2022-Windows-Windows_11_23H2-X86_64.7z
2026-08-14 18:41:02,152 - aqt.installer - DEBUG - installer 10880 Download URL: https://download.qt.io/online/qtsdkrepository/windows_x86/desktop/qt6_683/qt6_683/qt.qt6.683.win64_msvc2022_64/6.8.3-0-202503201308qttools-Windows-Windows_11_23H2-MSVC2022-Windows-Windows_11_23H2-X86_64.7z
2026-08-14 18:41:06,325 - aqt.helper - DEBUG - helper 10880 Asked to redirect(302) to: https://ftp.fau.de/qtproject/online/qtsdkrepository/windows_x86/desktop/qt6_683/qt6_683/qt.qt6.683.win64_msvc2022_64/6.8.3-0-202503201308qttools-Windows-Windows_11_23H2-MSVC2022-Windows-Windows_11_23H2-X86_64.7z
2026-08-14 18:41:06,326 - aqt.helper - INFO - helper 10880 Redirected: ftp.fau.de
2026-08-14 18:41:06,326 - aqt.helper - DEBUG - helper 12400 Asked to redirect(302) to: https://ftp.fau.de/qtproject/online/qtsdkrepository/windows_x86/desktop/qt6_683/qt6_683/qt.qt6.683.win64_msvc2022_64/6.8.3-0-202503201308qtbase-Windows-Windows_11_23H2-MSVC2022-Windows-Windows_11_23H2-X86_64.7z
2026-08-14 18:41:06,327 - aqt.helper - INFO - helper 12400 Redirected: ftp.fau.de
2026-08-14 18:41:06,379 - aqt.helper - DEBUG - helper 4660 Asked to redirect(302) to: https://ftp.fau.de/qtproject/online/qtsdkrepository/windows_x86/desktop/qt6_683/qt6_683/qt.qt6.683.win64_msvc2022_64/6.8.3-0-202503201308qtsvg-Windows-Windows_11_23H2-MSVC2022-Windows-Windows_11_23H2-X86_64.7z
2026-08-14 18:41:06,379 - aqt.helper - INFO - helper 4660 Redirected: ftp.fau.de
2026-08-14 18:41:06,402 - aqt.helper - DEBUG - helper 2568 Asked to redirect(302) to: https://ftp.fau.de/qtproject/online/qtsdkrepository/windows_x86/desktop/qt6_683/qt6_683/qt.qt6.683.win64_msvc2022_64/6.8.3-0-202503201308qtdeclarative-Windows-Windows_11_23H2-MSVC2022-Windows-Windows_11_23H2-X86_64.7z
2026-08-14 18:41:06,403 - aqt.helper - INFO - helper 2568 Redirected: ftp.fau.de
2026-08-14 18:41:15,599 - aqt.installer - INFO - installer 4660 Finished installation of qtsvg-Windows-Windows_11_23H2-MSVC2022-Windows-Windows_11_23H2-X86_64.7z in 17.32489260
2026-08-14 18:41:15,722 - aqt.helper - DEBUG - helper 4660 Attempt to download checksum at https://download.qt.io/online/qtsdkrepository/windows_x86/desktop/qt6_683/qt6_683/qt.qt6.683.win64_msvc2022_64/6.8.3-0-202503201308qttranslations-Windows-Windows_11_23H2-MSVC2022-Windows-Windows_11_23H2-X86_64.7z.sha256
2026-08-14 18:41:18,426 - aqt.helper - INFO - helper 4660 Downloading qttranslations...
2026-08-14 18:41:18,426 - aqt.installer - DEBUG - installer 4660 Download URL: https://download.qt.io/online/qtsdkrepository/windows_x86/desktop/qt6_683/qt6_683/qt.qt6.683.win64_msvc2022_64/6.8.3-0-202503201308qttranslations-Windows-Windows_11_23H2-MSVC2022-Windows-Windows_11_23H2-X86_64.7z
2026-08-14 18:41:19,593 - aqt.helper - DEBUG - helper 4660 Asked to redirect(302) to: https://ftp.fau.de/qtproject/online/qtsdkrepository/windows_x86/desktop/qt6_683/qt6_683/qt.qt6.683.win64_msvc2022_64/6.8.3-0-202503201308qttranslations-Windows-Windows_11_23H2-MSVC2022-Windows-Windows_11_23H2-X86_64.7z
2026-08-14 18:41:19,594 - aqt.helper - INFO - helper 4660 Redirected: ftp.fau.de
2026-08-14 18:41:30,438 - aqt.installer - INFO - installer 4660 Finished installation of qttranslations-Windows-Windows_11_23H2-MSVC2022-Windows-Windows_11_23H2-X86_64.7z in 14.75442920
2026-08-14 18:41:30,520 - aqt.helper - DEBUG - helper 4660 Attempt to download checksum at https://download.qt.io/online/qtsdkrepository/windows_x86/desktop/qt6_683/qt6_683/qt.qt6.683.win64_msvc2022_64/6.8.3-0-202503201308d3dcompiler_47-x64.7z.sha256
2026-08-14 18:41:33,430 - aqt.helper - INFO - helper 4660 Downloading d3dcompiler_47...
2026-08-14 18:41:33,431 - aqt.installer - DEBUG - installer 4660 Download URL: https://download.qt.io/online/qtsdkrepository/windows_x86/desktop/qt6_683/qt6_683/qt.qt6.683.win64_msvc2022_64/6.8.3-0-202503201308d3dcompiler_47-x64.7z
2026-08-14 18:41:34,655 - aqt.installer - INFO - installer 10880 Finished installation of qttools-Windows-Windows_11_23H2-MSVC2022-Windows-Windows_11_23H2-X86_64.7z in 36.33661660
2026-08-14 18:41:34,856 - aqt.helper - DEBUG - helper 10880 Attempt to download checksum at https://download.qt.io/online/qtsdkrepository/windows_x86/desktop/qt6_683/qt6_683/qt.qt6.683.win64_msvc2022_64/6.8.3-0-202503201308opengl32sw-64-mesa_11_2_2-signed_sha256.7z.sha256
2026-08-14 18:41:37,443 - aqt.helper - DEBUG - helper 4660 Asked to redirect(302) to: https://ftp.fau.de/qtproject/online/qtsdkrepository/windows_x86/desktop/qt6_683/qt6_683/qt.qt6.683.win64_msvc2022_64/6.8.3-0-202503201308d3dcompiler_47-x64.7z
2026-08-14 18:41:37,444 - aqt.helper - INFO - helper 4660 Redirected: ftp.fau.de
2026-08-14 18:41:37,802 - aqt.helper - INFO - helper 10880 Downloading opengl32sw...
2026-08-14 18:41:37,803 - aqt.installer - DEBUG - installer 10880 Download URL: https://download.qt.io/online/qtsdkrepository/windows_x86/desktop/qt6_683/qt6_683/qt.qt6.683.win64_msvc2022_64/6.8.3-0-202503201308opengl32sw-64-mesa_11_2_2-signed_sha256.7z
2026-08-14 18:41:39,656 - aqt.helper - DEBUG - helper 10880 Asked to redirect(302) to: https://ftp.fau.de/qtproject/online/qtsdkrepository/windows_x86/desktop/qt6_683/qt6_683/qt.qt6.683.win64_msvc2022_64/6.8.3-0-202503201308opengl32sw-64-mesa_11_2_2-signed_sha256.7z
2026-08-14 18:41:39,657 - aqt.helper - INFO - helper 10880 Redirected: ftp.fau.de
2026-08-14 18:41:40,170 - aqt.installer - INFO - installer 4660 Finished installation of d3dcompiler_47-x64.7z in 9.66855880
2026-08-14 18:41:53,531 - aqt.installer - INFO - installer 10880 Finished installation of opengl32sw-64-mesa_11_2_2-signed_sha256.7z in 18.71274380
2026-08-14 18:42:39,779 - aqt.installer - INFO - installer 12400 Finished installation of qtbase-Windows-Windows_11_23H2-MSVC2022-Windows-Windows_11_23H2-X86_64.7z in 101.54719000
2026-08-14 18:43:52,869 - aqt.installer - INFO - installer 2568 Finished installation of qtdeclarative-Windows-Windows_11_23H2-MSVC2022-Windows-Windows_11_23H2-X86_64.7z in 174.58585640
2026-08-14 18:43:53,399 - aqt.updater - INFO - updater 12720 Patching C:\Qt\6.8.3\msvc2022_64\bin\qmake.exe
2026-08-14 18:43:53,408 - aqt.updater - INFO - updater 12720 Patching C:\Qt\6.8.3\msvc2022_64\lib\Qt6Concurrent.prl
2026-08-14 18:43:53,421 - aqt.updater - INFO - updater 12720 Patching C:\Qt\6.8.3\msvc2022_64\lib\Qt6Concurrentd.prl
2026-08-14 18:43:53,438 - aqt.updater - INFO - updater 12720 Patching C:\Qt\6.8.3\msvc2022_64\lib\Qt6Core.prl
2026-08-14 18:43:53,453 - aqt.updater - INFO - updater 12720 Patching C:\Qt\6.8.3\msvc2022_64\lib\Qt6Cored.prl
2026-08-14 18:43:53,468 - aqt.updater - INFO - updater 12720 Patching C:\Qt\6.8.3\msvc2022_64\lib\Qt6DBus.prl
2026-08-14 18:43:53,485 - aqt.updater - INFO - updater 12720 Patching C:\Qt\6.8.3\msvc2022_64\lib\Qt6DBusd.prl
2026-08-14 18:43:53,500 - aqt.updater - INFO - updater 12720 Patching C:\Qt\6.8.3\msvc2022_64\lib\Qt6Designer.prl
2026-08-14 18:43:53,518 - aqt.updater - INFO - updater 12720 Patching C:\Qt\6.8.3\msvc2022_64\lib\Qt6DesignerComponents.prl
2026-08-14 18:43:53,541 - aqt.updater - INFO - updater 12720 Patching C:\Qt\6.8.3\msvc2022_64\lib\Qt6DesignerComponentsd.prl
2026-08-14 18:43:53,564 - aqt.updater - INFO - updater 12720 Patching C:\Qt\6.8.3\msvc2022_64\lib\Qt6Designerd.prl
2026-08-14 18:43:53,582 - aqt.updater - INFO - updater 12720 Patching C:\Qt\6.8.3\msvc2022_64\lib\Qt6DeviceDiscoverySupport.prl
2026-08-14 18:43:53,599 - aqt.updater - INFO - updater 12720 Patching C:\Qt\6.8.3\msvc2022_64\lib\Qt6DeviceDiscoverySupportd.prl
2026-08-14 18:43:53,622 - aqt.updater - INFO - updater 12720 Patching C:\Qt\6.8.3\msvc2022_64\lib\Qt6EntryPoint.prl
2026-08-14 18:43:53,636 - aqt.updater - INFO - updater 12720 Patching C:\Qt\6.8.3\msvc2022_64\lib\Qt6EntryPointd.prl
2026-08-14 18:43:53,658 - aqt.updater - INFO - updater 12720 Patching C:\Qt\6.8.3\msvc2022_64\lib\Qt6ExampleIcons.prl
2026-08-14 18:43:53,683 - aqt.updater - INFO - updater 12720 Patching C:\Qt\6.8.3\msvc2022_64\lib\Qt6ExampleIconsd.prl
2026-08-14 18:43:53,704 - aqt.updater - INFO - updater 12720 Patching C:\Qt\6.8.3\msvc2022_64\lib\Qt6ExamplesAssetDownloader.prl
2026-08-14 18:43:53,735 - aqt.updater - INFO - updater 12720 Patching C:\Qt\6.8.3\msvc2022_64\lib\Qt6ExamplesAssetDownloaderd.prl
2026-08-14 18:43:53,758 - aqt.updater - INFO - updater 12720 Patching C:\Qt\6.8.3\msvc2022_64\lib\Qt6FbSupport.prl
2026-08-14 18:43:53,778 - aqt.updater - INFO - updater 12720 Patching C:\Qt\6.8.3\msvc2022_64\lib\Qt6FbSupportd.prl
2026-08-14 18:43:53,809 - aqt.updater - INFO - updater 12720 Patching C:\Qt\6.8.3\msvc2022_64\lib\Qt6Gui.prl
2026-08-14 18:43:53,840 - aqt.updater - INFO - updater 12720 Patching C:\Qt\6.8.3\msvc2022_64\lib\Qt6Guid.prl
2026-08-14 18:43:53,859 - aqt.updater - INFO - updater 12720 Patching C:\Qt\6.8.3\msvc2022_64\lib\Qt6Help.prl
2026-08-14 18:43:53,878 - aqt.updater - INFO - updater 12720 Patching C:\Qt\6.8.3\msvc2022_64\lib\Qt6Helpd.prl
2026-08-14 18:43:53,898 - aqt.updater - INFO - updater 12720 Patching C:\Qt\6.8.3\msvc2022_64\lib\Qt6LabsAnimation.prl
2026-08-14 18:43:53,922 - aqt.updater - INFO - updater 12720 Patching C:\Qt\6.8.3\msvc2022_64\lib\Qt6LabsAnimationd.prl
2026-08-14 18:43:53,939 - aqt.updater - INFO - updater 12720 Patching C:\Qt\6.8.3\msvc2022_64\lib\Qt6LabsFolderListModel.prl
2026-08-14 18:43:53,954 - aqt.updater - INFO - updater 12720 Patching C:\Qt\6.8.3\msvc2022_64\lib\Qt6LabsFolderListModeld.prl
2026-08-14 18:43:53,972 - aqt.updater - INFO - updater 12720 Patching C:\Qt\6.8.3\msvc2022_64\lib\Qt6LabsPlatform.prl
2026-08-14 18:43:53,990 - aqt.updater - INFO - updater 12720 Patching C:\Qt\6.8.3\msvc2022_64\lib\Qt6LabsPlatformd.prl
2026-08-14 18:43:54,013 - aqt.updater - INFO - updater 12720 Patching C:\Qt\6.8.3\msvc2022_64\lib\Qt6LabsQmlModels.prl
2026-08-14 18:43:54,047 - aqt.updater - INFO - updater 12720 Patching C:\Qt\6.8.3\msvc2022_64\lib\Qt6LabsQmlModelsd.prl
2026-08-14 18:43:54,090 - aqt.updater - INFO - updater 12720 Patching C:\Qt\6.8.3\msvc2022_64\lib\Qt6LabsSettings.prl
2026-08-14 18:43:54,117 - aqt.updater - INFO - updater 12720 Patching C:\Qt\6.8.3\msvc2022_64\lib\Qt6LabsSettingsd.prl
2026-08-14 18:43:54,149 - aqt.updater - INFO - updater 12720 Patching C:\Qt\6.8.3\msvc2022_64\lib\Qt6LabsSharedImage.prl
2026-08-14 18:43:54,176 - aqt.updater - INFO - updater 12720 Patching C:\Qt\6.8.3\msvc2022_64\lib\Qt6LabsSharedImaged.prl
2026-08-14 18:43:54,199 - aqt.updater - INFO - updater 12720 Patching C:\Qt\6.8.3\msvc2022_64\lib\Qt6LabsWavefrontMesh.prl
2026-08-14 18:43:54,219 - aqt.updater - INFO - updater 12720 Patching C:\Qt\6.8.3\msvc2022_64\lib\Qt6LabsWavefrontMeshd.prl
2026-08-14 18:43:54,246 - aqt.updater - INFO - updater 12720 Patching C:\Qt\6.8.3\msvc2022_64\lib\Qt6Network.prl
2026-08-14 18:43:54,276 - aqt.updater - INFO - updater 12720 Patching C:\Qt\6.8.3\msvc2022_64\lib\Qt6Networkd.prl
2026-08-14 18:43:54,302 - aqt.updater - INFO - updater 12720 Patching C:\Qt\6.8.3\msvc2022_64\lib\Qt6OpenGL.prl
2026-08-14 18:43:54,328 - aqt.updater - INFO - updater 12720 Patching C:\Qt\6.8.3\msvc2022_64\lib\Qt6OpenGLd.prl
2026-08-14 18:43:54,363 - aqt.updater - INFO - updater 12720 Patching C:\Qt\6.8.3\msvc2022_64\lib\Qt6OpenGLWidgets.prl
2026-08-14 18:43:54,389 - aqt.updater - INFO - updater 12720 Patching C:\Qt\6.8.3\msvc2022_64\lib\Qt6OpenGLWidgetsd.prl
2026-08-14 18:43:54,414 - aqt.updater - INFO - updater 12720 Patching C:\Qt\6.8.3\msvc2022_64\lib\Qt6PacketProtocol.prl
2026-08-14 18:43:54,442 - aqt.updater - INFO - updater 12720 Patching C:\Qt\6.8.3\msvc2022_64\lib\Qt6PacketProtocold.prl
2026-08-14 18:43:54,462 - aqt.updater - INFO - updater 12720 Patching C:\Qt\6.8.3\msvc2022_64\lib\Qt6PrintSupport.prl
2026-08-14 18:43:54,494 - aqt.updater - INFO - updater 12720 Patching C:\Qt\6.8.3\msvc2022_64\lib\Qt6PrintSupportd.prl
2026-08-14 18:43:54,522 - aqt.updater - INFO - updater 12720 Patching C:\Qt\6.8.3\msvc2022_64\lib\Qt6Qml.prl
2026-08-14 18:43:54,543 - aqt.updater - INFO - updater 12720 Patching C:\Qt\6.8.3\msvc2022_64\lib\Qt6QmlAssetDownloader.prl
2026-08-14 18:43:54,566 - aqt.updater - INFO - updater 12720 Patching C:\Qt\6.8.3\msvc2022_64\lib\Qt6QmlAssetDownloaderd.prl
2026-08-14 18:43:54,597 - aqt.updater - INFO - updater 12720 Patching C:\Qt\6.8.3\msvc2022_64\lib\Qt6QmlCompiler.prl
2026-08-14 18:43:54,623 - aqt.updater - INFO - updater 12720 Patching C:\Qt\6.8.3\msvc2022_64\lib\Qt6QmlCompilerd.prl
2026-08-14 18:43:54,647 - aqt.updater - INFO - updater 12720 Patching C:\Qt\6.8.3\msvc2022_64\lib\Qt6QmlCore.prl
2026-08-14 18:43:54,671 - aqt.updater - INFO - updater 12720 Patching C:\Qt\6.8.3\msvc2022_64\lib\Qt6QmlCored.prl
2026-08-14 18:43:54,693 - aqt.updater - INFO - updater 12720 Patching C:\Qt\6.8.3\msvc2022_64\lib\Qt6Qmld.prl
2026-08-14 18:43:54,711 - aqt.updater - INFO - updater 12720 Patching C:\Qt\6.8.3\msvc2022_64\lib\Qt6QmlDebug.prl
2026-08-14 18:43:54,730 - aqt.updater - INFO - updater 12720 Patching C:\Qt\6.8.3\msvc2022_64\lib\Qt6QmlDebugd.prl
2026-08-14 18:43:54,747 - aqt.updater - INFO - updater 12720 Patching C:\Qt\6.8.3\msvc2022_64\lib\Qt6QmlDom.prl
2026-08-14 18:43:54,768 - aqt.updater - INFO - updater 12720 Patching C:\Qt\6.8.3\msvc2022_64\lib\Qt6QmlDomd.prl
2026-08-14 18:43:54,794 - aqt.updater - INFO - updater 12720 Patching C:\Qt\6.8.3\msvc2022_64\lib\Qt6QmlLocalStorage.prl
2026-08-14 18:43:54,817 - aqt.updater - INFO - updater 12720 Patching C:\Qt\6.8.3\msvc2022_64\lib\Qt6QmlLocalStoraged.prl
2026-08-14 18:43:54,838 - aqt.updater - INFO - updater 12720 Patching C:\Qt\6.8.3\msvc2022_64\lib\Qt6QmlLS.prl
2026-08-14 18:43:54,863 - aqt.updater - INFO - updater 12720 Patching C:\Qt\6.8.3\msvc2022_64\lib\Qt6QmlLSd.prl
2026-08-14 18:43:54,892 - aqt.updater - INFO - updater 12720 Patching C:\Qt\6.8.3\msvc2022_64\lib\Qt6QmlMeta.prl
2026-08-14 18:43:54,919 - aqt.updater - INFO - updater 12720 Patching C:\Qt\6.8.3\msvc2022_64\lib\Qt6QmlMetad.prl
2026-08-14 18:43:54,944 - aqt.updater - INFO - updater 12720 Patching C:\Qt\6.8.3\msvc2022_64\lib\Qt6QmlModels.prl
2026-08-14 18:43:54,964 - aqt.updater - INFO - updater 12720 Patching C:\Qt\6.8.3\msvc2022_64\lib\Qt6QmlModelsd.prl
2026-08-14 18:43:54,980 - aqt.updater - INFO - updater 12720 Patching C:\Qt\6.8.3\msvc2022_64\lib\Qt6QmlNetwork.prl
2026-08-14 18:43:55,003 - aqt.updater - INFO - updater 12720 Patching C:\Qt\6.8.3\msvc2022_64\lib\Qt6QmlNetworkd.prl
2026-08-14 18:43:55,020 - aqt.updater - INFO - updater 12720 Patching C:\Qt\6.8.3\msvc2022_64\lib\Qt6QmlToolingSettings.prl
2026-08-14 18:43:55,039 - aqt.updater - INFO - updater 12720 Patching C:\Qt\6.8.3\msvc2022_64\lib\Qt6QmlToolingSettingsd.prl
2026-08-14 18:43:55,069 - aqt.updater - INFO - updater 12720 Patching C:\Qt\6.8.3\msvc2022_64\lib\Qt6QmlTypeRegistrar.prl
2026-08-14 18:43:55,090 - aqt.updater - INFO - updater 12720 Patching C:\Qt\6.8.3\msvc2022_64\lib\Qt6QmlTypeRegistrard.prl
2026-08-14 18:43:55,106 - aqt.updater - INFO - updater 12720 Patching C:\Qt\6.8.3\msvc2022_64\lib\Qt6QmlWorkerScript.prl
2026-08-14 18:43:55,126 - aqt.updater - INFO - updater 12720 Patching C:\Qt\6.8.3\msvc2022_64\lib\Qt6QmlWorkerScriptd.prl
2026-08-14 18:43:55,143 - aqt.updater - INFO - updater 12720 Patching C:\Qt\6.8.3\msvc2022_64\lib\Qt6QmlXmlListModel.prl
2026-08-14 18:43:55,164 - aqt.updater - INFO - updater 12720 Patching C:\Qt\6.8.3\msvc2022_64\lib\Qt6QmlXmlListModeld.prl
2026-08-14 18:43:55,184 - aqt.updater - INFO - updater 12720 Patching C:\Qt\6.8.3\msvc2022_64\lib\Qt6Quick.prl
2026-08-14 18:43:55,202 - aqt.updater - INFO - updater 12720 Patching C:\Qt\6.8.3\msvc2022_64\lib\Qt6QuickControls2.prl
2026-08-14 18:43:55,219 - aqt.updater - INFO - updater 12720 Patching C:\Qt\6.8.3\msvc2022_64\lib\Qt6QuickControls2Basic.prl
2026-08-14 18:43:55,238 - aqt.updater - INFO - updater 12720 Patching C:\Qt\6.8.3\msvc2022_64\lib\Qt6QuickControls2Basicd.prl
2026-08-14 18:43:55,261 - aqt.updater - INFO - updater 12720 Patching C:\Qt\6.8.3\msvc2022_64\lib\Qt6QuickControls2BasicStyleImpl.prl
2026-08-14 18:43:55,277 - aqt.updater - INFO - updater 12720 Patching C:\Qt\6.8.3\msvc2022_64\lib\Qt6QuickControls2BasicStyleImpld.prl
2026-08-14 18:43:55,299 - aqt.updater - INFO - updater 12720 Patching C:\Qt\6.8.3\msvc2022_64\lib\Qt6QuickControls2d.prl
2026-08-14 18:43:55,326 - aqt.updater - INFO - updater 12720 Patching C:\Qt\6.8.3\msvc2022_64\lib\Qt6QuickControls2FluentWinUI3StyleImpl.prl
2026-08-14 18:43:55,349 - aqt.updater - INFO - updater 12720 Patching C:\Qt\6.8.3\msvc2022_64\lib\Qt6QuickControls2FluentWinUI3StyleImpld.prl
2026-08-14 18:43:55,374 - aqt.updater - INFO - updater 12720 Patching C:\Qt\6.8.3\msvc2022_64\lib\Qt6QuickControls2Fusion.prl
2026-08-14 18:43:55,393 - aqt.updater - INFO - updater 12720 Patching C:\Qt\6.8.3\msvc2022_64\lib\Qt6QuickControls2Fusiond.prl
2026-08-14 18:43:55,416 - aqt.updater - INFO - updater 12720 Patching C:\Qt\6.8.3\msvc2022_64\lib\Qt6QuickControls2FusionStyleImpl.prl
2026-08-14 18:43:55,435 - aqt.updater - INFO - updater 12720 Patching C:\Qt\6.8.3\msvc2022_64\lib\Qt6QuickControls2FusionStyleImpld.prl
2026-08-14 18:43:55,455 - aqt.updater - INFO - updater 12720 Patching C:\Qt\6.8.3\msvc2022_64\lib\Qt6QuickControls2Imagine.prl
2026-08-14 18:43:55,472 - aqt.updater - INFO - updater 12720 Patching C:\Qt\6.8.3\msvc2022_64\lib\Qt6QuickControls2Imagined.prl
2026-08-14 18:43:55,493 - aqt.updater - INFO - updater 12720 Patching C:\Qt\6.8.3\msvc2022_64\lib\Qt6QuickControls2ImagineStyleImpl.prl
2026-08-14 18:43:55,511 - aqt.updater - INFO - updater 12720 Patching C:\Qt\6.8.3\msvc2022_64\lib\Qt6QuickControls2ImagineStyleImpld.prl
2026-08-14 18:43:55,527 - aqt.updater - INFO - updater 12720 Patching C:\Qt\6.8.3\msvc2022_64\lib\Qt6QuickControls2Impl.prl
2026-08-14 18:43:55,545 - aqt.updater - INFO - updater 12720 Patching C:\Qt\6.8.3\msvc2022_64\lib\Qt6QuickControls2Impld.prl
2026-08-14 18:43:55,562 - aqt.updater - INFO - updater 12720 Patching C:\Qt\6.8.3\msvc2022_64\lib\Qt6QuickControls2Material.prl
2026-08-14 18:43:55,580 - aqt.updater - INFO - updater 12720 Patching C:\Qt\6.8.3\msvc2022_64\lib\Qt6QuickControls2Materiald.prl
2026-08-14 18:43:55,605 - aqt.updater - INFO - updater 12720 Patching C:\Qt\6.8.3\msvc2022_64\lib\Qt6QuickControls2MaterialStyleImpl.prl
2026-08-14 18:43:55,622 - aqt.updater - INFO - updater 12720 Patching C:\Qt\6.8.3\msvc2022_64\lib\Qt6QuickControls2MaterialStyleImpld.prl
2026-08-14 18:43:55,654 - aqt.updater - INFO - updater 12720 Patching C:\Qt\6.8.3\msvc2022_64\lib\Qt6QuickControls2Universal.prl
2026-08-14 18:43:55,674 - aqt.updater - INFO - updater 12720 Patching C:\Qt\6.8.3\msvc2022_64\lib\Qt6QuickControls2Universald.prl
2026-08-14 18:43:55,706 - aqt.updater - INFO - updater 12720 Patching C:\Qt\6.8.3\msvc2022_64\lib\Qt6QuickControls2UniversalStyleImpl.prl
2026-08-14 18:43:55,760 - aqt.updater - INFO - updater 12720 Patching C:\Qt\6.8.3\msvc2022_64\lib\Qt6QuickControls2UniversalStyleImpld.prl
2026-08-14 18:43:55,817 - aqt.updater - INFO - updater 12720 Patching C:\Qt\6.8.3\msvc2022_64\lib\Qt6QuickControls2WindowsStyleImpl.prl
2026-08-14 18:43:55,861 - aqt.updater - INFO - updater 12720 Patching C:\Qt\6.8.3\msvc2022_64\lib\Qt6QuickControls2WindowsStyleImpld.prl
2026-08-14 18:43:55,940 - aqt.updater - INFO - updater 12720 Patching C:\Qt\6.8.3\msvc2022_64\lib\Qt6QuickControlsTestUtils.prl
2026-08-14 18:43:55,992 - aqt.updater - INFO - updater 12720 Patching C:\Qt\6.8.3\msvc2022_64\lib\Qt6QuickControlsTestUtilsd.prl
2026-08-14 18:43:56,035 - aqt.updater - INFO - updater 12720 Patching C:\Qt\6.8.3\msvc2022_64\lib\Qt6Quickd.prl
2026-08-14 18:43:56,078 - aqt.updater - INFO - updater 12720 Patching C:\Qt\6.8.3\msvc2022_64\lib\Qt6QuickDialogs2.prl
2026-08-14 18:43:56,138 - aqt.updater - INFO - updater 12720 Patching C:\Qt\6.8.3\msvc2022_64\lib\Qt6QuickDialogs2d.prl
2026-08-14 18:43:56,172 - aqt.updater - INFO - updater 12720 Patching C:\Qt\6.8.3\msvc2022_64\lib\Qt6QuickDialogs2QuickImpl.prl
2026-08-14 18:43:56,210 - aqt.updater - INFO - updater 12720 Patching C:\Qt\6.8.3\msvc2022_64\lib\Qt6QuickDialogs2QuickImpld.prl
2026-08-14 18:43:56,256 - aqt.updater - INFO - updater 12720 Patching C:\Qt\6.8.3\msvc2022_64\lib\Qt6QuickDialogs2Utils.prl
2026-08-14 18:43:56,287 - aqt.updater - INFO - updater 12720 Patching C:\Qt\6.8.3\msvc2022_64\lib\Qt6QuickDialogs2Utilsd.prl
2026-08-14 18:43:56,324 - aqt.updater - INFO - updater 12720 Patching C:\Qt\6.8.3\msvc2022_64\lib\Qt6QuickEffects.prl
2026-08-14 18:43:56,355 - aqt.updater - INFO - updater 12720 Patching C:\Qt\6.8.3\msvc2022_64\lib\Qt6QuickEffectsd.prl
2026-08-14 18:43:56,390 - aqt.updater - INFO - updater 12720 Patching C:\Qt\6.8.3\msvc2022_64\lib\Qt6QuickLayouts.prl
2026-08-14 18:43:56,427 - aqt.updater - INFO - updater 12720 Patching C:\Qt\6.8.3\msvc2022_64\lib\Qt6QuickLayoutsd.prl
2026-08-14 18:43:56,481 - aqt.updater - INFO - updater 12720 Patching C:\Qt\6.8.3\msvc2022_64\lib\Qt6QuickParticles.prl
2026-08-14 18:43:56,516 - aqt.updater - INFO - updater 12720 Patching C:\Qt\6.8.3\msvc2022_64\lib\Qt6QuickParticlesd.prl
2026-08-14 18:43:56,563 - aqt.updater - INFO - updater 12720 Patching C:\Qt\6.8.3\msvc2022_64\lib\Qt6QuickShapes.prl
2026-08-14 18:43:56,594 - aqt.updater - INFO - updater 12720 Patching C:\Qt\6.8.3\msvc2022_64\lib\Qt6QuickShapesd.prl
2026-08-14 18:43:56,620 - aqt.updater - INFO - updater 12720 Patching C:\Qt\6.8.3\msvc2022_64\lib\Qt6QuickTemplates2.prl
2026-08-14 18:43:56,659 - aqt.updater - INFO - updater 12720 Patching C:\Qt\6.8.3\msvc2022_64\lib\Qt6QuickTemplates2d.prl
2026-08-14 18:43:56,686 - aqt.updater - INFO - updater 12720 Patching C:\Qt\6.8.3\msvc2022_64\lib\Qt6QuickTest.prl
2026-08-14 18:43:56,716 - aqt.updater - INFO - updater 12720 Patching C:\Qt\6.8.3\msvc2022_64\lib\Qt6QuickTestd.prl
2026-08-14 18:43:56,740 - aqt.updater - INFO - updater 12720 Patching C:\Qt\6.8.3\msvc2022_64\lib\Qt6QuickTestUtils.prl
2026-08-14 18:43:56,804 - aqt.updater - INFO - updater 12720 Patching C:\Qt\6.8.3\msvc2022_64\lib\Qt6QuickTestUtilsd.prl
2026-08-14 18:43:56,855 - aqt.updater - INFO - updater 12720 Patching C:\Qt\6.8.3\msvc2022_64\lib\Qt6QuickVectorImage.prl
2026-08-14 18:43:56,900 - aqt.updater - INFO - updater 12720 Patching C:\Qt\6.8.3\msvc2022_64\lib\Qt6QuickVectorImaged.prl
2026-08-14 18:43:56,980 - aqt.updater - INFO - updater 12720 Patching C:\Qt\6.8.3\msvc2022_64\lib\Qt6QuickVectorImageGenerator.prl
2026-08-14 18:43:57,016 - aqt.updater - INFO - updater 12720 Patching C:\Qt\6.8.3\msvc2022_64\lib\Qt6QuickVectorImageGeneratord.prl
2026-08-14 18:43:57,055 - aqt.updater - INFO - updater 12720 Patching C:\Qt\6.8.3\msvc2022_64\lib\Qt6QuickWidgets.prl
2026-08-14 18:43:57,093 - aqt.updater - INFO - updater 12720 Patching C:\Qt\6.8.3\msvc2022_64\lib\Qt6QuickWidgetsd.prl
2026-08-14 18:43:57,125 - aqt.updater - INFO - updater 12720 Patching C:\Qt\6.8.3\msvc2022_64\lib\Qt6Sql.prl
2026-08-14 18:43:57,151 - aqt.updater - INFO - updater 12720 Patching C:\Qt\6.8.3\msvc2022_64\lib\Qt6Sqld.prl
2026-08-14 18:43:57,201 - aqt.updater - INFO - updater 12720 Patching C:\Qt\6.8.3\msvc2022_64\lib\Qt6Svg.prl
2026-08-14 18:43:57,235 - aqt.updater - INFO - updater 12720 Patching C:\Qt\6.8.3\msvc2022_64\lib\Qt6Svgd.prl
2026-08-14 18:43:57,263 - aqt.updater - INFO - updater 12720 Patching C:\Qt\6.8.3\msvc2022_64\lib\Qt6SvgWidgets.prl
2026-08-14 18:43:57,294 - aqt.updater - INFO - updater 12720 Patching C:\Qt\6.8.3\msvc2022_64\lib\Qt6SvgWidgetsd.prl
2026-08-14 18:43:57,320 - aqt.updater - INFO - updater 12720 Patching C:\Qt\6.8.3\msvc2022_64\lib\Qt6Test.prl
2026-08-14 18:43:57,352 - aqt.updater - INFO - updater 12720 Patching C:\Qt\6.8.3\msvc2022_64\lib\Qt6Testd.prl
2026-08-14 18:43:57,383 - aqt.updater - INFO - updater 12720 Patching C:\Qt\6.8.3\msvc2022_64\lib\Qt6UiTools.prl
2026-08-14 18:43:57,517 - aqt.updater - INFO - updater 12720 Patching C:\Qt\6.8.3\msvc2022_64\lib\Qt6UiToolsd.prl
2026-08-14 18:43:57,568 - aqt.updater - INFO - updater 12720 Patching C:\Qt\6.8.3\msvc2022_64\lib\Qt6Widgets.prl
2026-08-14 18:43:57,628 - aqt.updater - INFO - updater 12720 Patching C:\Qt\6.8.3\msvc2022_64\lib\Qt6Widgetsd.prl
2026-08-14 18:43:57,699 - aqt.updater - INFO - updater 12720 Patching C:\Qt\6.8.3\msvc2022_64\lib\Qt6Xml.prl
2026-08-14 18:43:57,848 - aqt.updater - INFO - updater 12720 Patching C:\Qt\6.8.3\msvc2022_64\lib\Qt6Xmld.prl
2026-08-14 18:43:58,012 - aqt.main - INFO - installer 12720 Finished installation
2026-08-14 18:43:58,013 - aqt.main - INFO - installer 12720 Time elapsed: 190.54140080 second
